2026-09-13T20:43:36Z	fal-ai/nano-banana-pro	0.30	design/concepts/compositor-hero
2026-09-13T21:30:43Z	fal-ai/nano-banana-pro	0.30	design/plates/clean-plate
2026-09-13T21:30:48Z	fal-ai/nano-banana-pro	0.60	design/clouds/cumulus
2026-09-13T21:38:32Z	fal-ai/nano-banana-pro	0.30	design/concepts/nightcity-hero
2026-09-13T21:39:44Z	fal-ai/image-preprocessors/depth-anything/v2	0.01	depth-plate2
2026-09-13T21:47:41Z	fal-ai/nano-banana-pro	0.15	design/night/plates/aerial
2026-09-13T21:47:47Z	fal-ai/nano-banana-pro	0.15	design/night/concepts/hero
2026-09-13T21:48:23Z	fal-ai/nano-banana-pro	0.15	design/night/concepts/district-education
2026-09-13T21:48:29Z	fal-ai/nano-banana-pro	0.15	design/night/plates/canyon
2026-09-13T21:48:48Z	fal-ai/nano-banana-pro	0.30	design/night/signs/sheet
2026-09-13T21:48:51Z	fal-ai/nano-banana-pro	0.15	design/night/vehicles/hovercar
2026-09-13T21:48:58Z	fal-ai/nano-banana-pro	0.60	design/night/ads/ad
2026-09-13T21:48:58Z	fal-ai/nano-banana-pro	0.15	design/night/concepts/district-work
2026-09-13T21:49:28Z	fal-ai/nano-banana-pro	0.15	design/night/concepts/district-projects
2026-09-13T21:50:24Z	fal-ai/image-preprocessors/depth-anything/v2	0.01	night/depth-aerial
2026-09-13T21:56:40Z	fal-ai/hunyuan3d-v3/image-to-3d	0.375	night/hovercar-3d
2026-09-13T21:58:47Z	fal-ai/hunyuan_world/image-to-world	0.30	world-plate2
2026-09-13T22:01:11Z	fal-ai/ltxv-13b-098-distilled/image-to-video	0.10	night/ad-loop
2026-09-13T22:05:49Z	fal-ai/hunyuan3d-v3/image-to-3d	0.45	night/hovercar-lowpoly
2026-09-13T22:39:54Z	fal-ai/nano-banana-pro	0.30	design/night/facades/facade-sheet
2026-09-13T22:40:26Z	fal-ai/nano-banana-pro	0.15	design/night/ads/ad-faces
2026-09-13T22:40:53Z	fal-ai/nano-banana-pro	0.15	design/night/towers/tower-a
2026-09-13T22:41:21Z	fal-ai/nano-banana-pro	0.15	design/night/towers/tower-b
2026-09-13T22:41:51Z	fal-ai/nano-banana-pro	0.15	design/night/towers/tower-c
2026-09-13T22:42:06Z	fal-ai/nano-banana-pro	0.15	design/night/characters/drone-police/concept
2026-09-13T22:42:06Z	fal-ai/nano-banana-pro	0.15	design/night/characters/punk/concept
2026-09-13T22:42:07Z	fal-ai/nano-banana-pro	0.15	design/night/characters/sec-bot/concept
2026-09-13T22:42:10Z	fal-ai/nano-banana-pro	0.15	design/night/characters/netrunner/concept
2026-09-13T22:42:11Z	fal-ai/nano-banana-pro	0.15	design/night/characters/corpo/concept
2026-09-13T22:42:11Z	fal-ai/nano-banana-pro	0.15	design/night/characters/vendor/concept
2026-09-13T22:42:28Z	fal-ai/nano-banana-pro	0.15	design/night/towers/tower-d
2026-09-13T22:49:29Z	fal-ai/hunyuan3d-v3/image-to-3d	0.525	night/char/drone-police/3d
2026-09-13T22:51:53Z	fal-ai/nano-banana-pro	0.15	design/night/characters/corpo/concept-v2
2026-09-13T22:52:06Z	fal-ai/hunyuan3d-v3/image-to-3d	0.525	night/tower-a
2026-09-13T22:52:49Z	fal-ai/hunyuan3d-v3/image-to-3d	0.60	night/char/netrunner/3d
2026-09-13T22:54:32Z	fal-ai/hunyuan3d-v3/image-to-3d	0.60	night/char/punk/3d
2026-09-13T22:54:57Z	fal-ai/hunyuan3d-v3/image-to-3d	0.60	night/char/vendor/3d
2026-09-13T22:55:23Z	fal-ai/hunyuan3d-v3/image-to-3d	0.525	night/tower-b
2026-09-13T22:55:27Z	fal-ai/meshy/rigging	0.32	night/char/netrunner/rig
2026-09-13T22:56:26Z	fal-ai/hunyuan3d-v3/image-to-3d	0.60	night/char/sec-bot/3d
2026-09-13T22:57:22Z	fal-ai/hunyuan3d-v3/image-to-3d	0.525	night/tower-c
2026-09-13T22:59:44Z	fal-ai/meshy/rigging	0.32	night/char/punk/rig
2026-09-13T22:59:48Z	fal-ai/meshy/rigging	0.32	night/char/vendor/rig
2026-09-13T23:00:47Z	fal-ai/meshy/rigging	0.32	night/char/sec-bot/rig
2026-09-13T23:01:25Z	fal-ai/hunyuan3d-v3/image-to-3d	0.60	night/char/corpo/3d
2026-09-13T23:01:52Z	fal-ai/hunyuan3d-v3/image-to-3d	0.525	night/tower-d
2026-09-13T23:01:56Z	fal-ai/nano-banana-pro	0.15	design/night/facades/storefronts
2026-09-13T23:11:11Z	fal-ai/meshy/rigging	0.32	night/char/corpo/rig
2026-09-13T23:29:45Z	fal-ai/nano-banana-pro	0.15	design/night/concepts2/mock-japantown
2026-09-13T23:30:15Z	fal-ai/nano-banana-pro	0.15	design/night/concepts2/mock-center
2026-09-13T23:30:52Z	fal-ai/nano-banana-pro	0.15	design/night/concepts2/mock-kabuki
2026-09-13T23:31:49Z	fal-ai/nano-banana-pro	0.15	design/night/concepts2/mock-pier
2026-09-13T23:32:02Z	fal-ai/nano-banana-pro	0.15	design/night/characters/chef/concept
2026-09-13T23:32:29Z	fal-ai/nano-banana-pro	0.15	design/night/characters/geisha-bot/concept
2026-09-13T23:32:57Z	fal-ai/nano-banana-pro	0.15	design/night/vehicles/tuktuk-concept
2026-09-13T23:34:10Z	fal-ai/stable-audio-25/text-to-audio	0.20	night/audio/rain
2026-09-13T23:34:39Z	fal-ai/stable-audio-25/text-to-audio	0.20	night/audio/japantown
2026-09-13T23:34:47Z	fal-ai/stable-audio-25/text-to-audio	0.20	night/audio/center
2026-09-13T23:34:54Z	fal-ai/stable-audio-25/text-to-audio	0.20	night/audio/kabuki
2026-09-13T23:35:01Z	fal-ai/stable-audio-25/text-to-audio	0.20	night/audio/pier
2026-09-13T23:35:06Z	fal-ai/nano-banana-pro	0.15	design/night/particles/koi-sheet
2026-09-13T23:35:27Z	fal-ai/nano-banana-pro	0.15	design/night/particles/sakura-sheet
2026-09-13T23:36:17Z	fal-ai/nano-banana-pro	0.15	design/night/characters/chef/concept-v2
2026-09-13T23:36:52Z	fal-ai/nano-banana-pro	0.15	design/night/sheets/sheet-jp
2026-09-13T23:37:19Z	fal-ai/nano-banana-pro	0.15	design/night/sheets/sheet-corp
2026-09-13T23:37:55Z	fal-ai/nano-banana-pro	0.15	design/night/sheets/sheet-lanterns
2026-09-13T23:38:26Z	fal-ai/nano-banana-pro	0.15	design/night/sheets/sheet-harbour
2026-09-13T23:42:44Z	fal-ai/hunyuan3d-v3/image-to-3d	0.60	night/char/geisha-bot/3d
2026-09-13T23:43:38Z	fal-ai/hunyuan3d-v3/image-to-3d	0.60	night/char/chef/3d
2026-09-13T23:45:21Z	fal-ai/meshy/rigging	0.32	night/char/geisha-bot/rig
2026-09-13T23:46:18Z	fal-ai/meshy/rigging	0.32	night/char/chef/rig
2026-09-13T23:46:41Z	fal-ai/hunyuan3d-v3/image-to-3d	0.60	night/char/tuktuk/3d
2026-09-13T23:52:32Z	fal-ai/nano-banana-pro	0.15	design/night/ground/asphalt
2026-09-13T23:52:52Z	fal-ai/nano-banana-pro	0.15	design/night/ground/pavers
2026-09-13T23:53:16Z	fal-ai/nano-banana-pro	0.15	design/night/ground/plaza
2026-09-13T23:53:34Z	fal-ai/nano-banana-pro	0.15	design/night/ground/planks
2026-09-14T00:24:12Z	fal-ai/nano-banana-pro	0.15	design/night/characters/maid-bot/concept
2026-09-14T00:24:13Z	fal-ai/nano-banana-pro	0.15	design/night/characters/idol/concept
2026-09-14T00:24:14Z	fal-ai/nano-banana-pro	0.15	design/night/characters/ronin/concept
2026-09-14T00:24:26Z	fal-ai/nano-banana-pro	0.15	design/night/characters/mech-pilot/concept
2026-09-14T00:24:28Z	fal-ai/nano-banana-pro	0.15	design/night/characters/schoolgirl-hacker/concept
2026-09-14T00:24:32Z	fal-ai/nano-banana-pro	0.15	design/night/characters/cat-courier/concept
2026-09-14T00:24:34Z	fal-ai/nano-banana-pro	0.15	design/night/characters/oni-bouncer/concept
2026-09-14T00:32:39Z	fal-ai/hunyuan3d-v3/image-to-3d	0.60	night/char/maid-bot/3d
2026-09-14T00:32:55Z	fal-ai/hunyuan3d-v3/image-to-3d	0.60	night/char/schoolgirl-hacker/3d
2026-09-14T00:33:42Z	fal-ai/hunyuan3d-v3/image-to-3d	0.60	night/char/idol/3d
2026-09-14T00:34:05Z	fal-ai/meshy/rigging	0.32	night/char/maid-bot/rig
2026-09-14T00:34:09Z	fal-ai/hunyuan3d-v3/image-to-3d	0.60	night/char/mech-pilot/3d
2026-09-14T00:34:53Z	fal-ai/meshy/rigging	0.32	night/char/schoolgirl-hacker/rig
2026-09-14T00:39:23Z	fal-ai/meshy/rigging	0.32	night/char/mech-pilot/rig
2026-09-14T00:39:27Z	fal-ai/meshy/rigging	0.32	night/char/idol/rig
2026-09-14T00:44:23Z	fal-ai/hunyuan3d-v3/image-to-3d	0.60	night/char/ronin/3d
2026-09-14T00:46:21Z	fal-ai/meshy/rigging	0.32	night/char/ronin/rig
2026-09-14T00:46:39Z	fal-ai/hunyuan3d-v3/image-to-3d	0.60	night/char/oni-bouncer/3d
2026-09-14T00:48:42Z	fal-ai/meshy/rigging	0.32	night/char/oni-bouncer/rig
2026-09-14T00:50:34Z	fal-ai/hunyuan3d-v3/image-to-3d	0.60	night/char/cat-courier/3d
2026-09-14T00:53:56Z	fal-ai/meshy/rigging	0.32	night/char/cat-courier/rig
2026-09-14T04:35:55Z	fal-ai/nano-banana-pro	0.15	design/night/characters/dj/concept
2026-09-14T04:35:56Z	fal-ai/nano-banana-pro	0.15	design/night/characters/nomad/concept
2026-09-14T04:35:56Z	fal-ai/nano-banana-pro	0.15	design/night/characters/noodle-cook/concept
2026-09-14T04:35:56Z	fal-ai/nano-banana-pro	0.15	design/night/characters/shrine-maiden/concept
2026-09-14T04:35:57Z	fal-ai/nano-banana-pro	0.15	design/night/characters/salaryman/concept
2026-09-14T04:35:57Z	fal-ai/nano-banana-pro	0.15	design/night/characters/medic/concept
2026-09-14T04:35:59Z	fal-ai/nano-banana-pro	0.15	design/night/characters/patrol-bot/concept
2026-09-14T04:36:01Z	fal-ai/nano-banana-pro	0.15	design/night/characters/skater/concept
2026-09-14T04:37:36Z	fal-ai/nano-banana-pro	0.15	design/night/characters/patrol-bot/concept-v2
2026-09-14T04:51:49Z	fal-ai/hunyuan3d-v3/image-to-3d	0.60	night/char/nomad/3d
2026-09-14T04:52:30Z	fal-ai/hunyuan3d-v3/image-to-3d	0.60	night/char/noodle-cook/3d
2026-09-14T04:53:26Z	fal-ai/hunyuan3d-v3/image-to-3d	0.60	night/char/patrol-bot/3d
2026-09-14T04:53:59Z	fal-ai/meshy/rigging	0.32	night/char/nomad/rig
2026-09-14T04:54:20Z	fal-ai/meshy/rigging	0.32	night/char/noodle-cook/rig
2026-09-14T04:55:15Z	fal-ai/meshy/rigging	0.32	night/char/patrol-bot/rig
2026-09-14T04:57:12Z	fal-ai/hunyuan3d-v3/image-to-3d	0.60	night/char/medic/3d
2026-09-14T04:58:05Z	fal-ai/hunyuan3d-v3/image-to-3d	0.60	night/char/skater/3d
2026-09-14T04:59:04Z	fal-ai/meshy/rigging	0.32	night/char/medic/rig
2026-09-14T05:01:29Z	fal-ai/meshy/rigging	0.32	night/char/skater/rig
2026-09-14T05:08:59Z	fal-ai/hunyuan3d-v3/image-to-3d	0.60	night/char/dj/3d
2026-09-14T05:09:26Z	fal-ai/hunyuan3d-v3/image-to-3d	0.60	night/char/salaryman/3d
2026-09-14T05:10:55Z	fal-ai/meshy/rigging	0.32	night/char/dj/rig
2026-09-14T05:13:03Z	fal-ai/meshy/rigging	0.32	night/char/salaryman/rig
